[    0.000000] Linux version 4.15.0-212-generic (buildd@lcy02-amd64-083) (gcc version 7.5.0 (Ubuntu 7.5.0-3ubuntu1~18.04)) #223-Ubuntu SMP Tue May 23 13:09:22 UTC 2023 (Ubuntu 4.15.0-212.223-generic 4.15.18)
[    0.000000] Command line: BOOT_IMAGE=/boot/vmlinuz-4.15.0-212-generic root=LABEL=cloudimg-rootfs ro console=tty1 console=ttyS0
[    0.000000] KERNEL supported cpus:
[    0.000000]   Intel GenuineIntel
[    0.000000]   AMD AuthenticAMD
[    0.000000]   Centaur CentaurHauls
[    0.000000] [Firmware Bug]: TSC doesn't count with P0 frequency!
[    0.000000] x86/fpu: x87 FPU will use FXSAVE
[    0.000000] e820: BIOS-provided physical RAM map:
[    0.000000] BIOS-e820: [mem 0x0000000000000000-0x000000000009fbff] usable
[    0.000000] BIOS-e820: [mem 0x000000000009fc00-0x000000000009ffff] reserved
[    0.000000] BIOS-e820: [mem 0x00000000000f0000-0x00000000000fffff] reserved
[    0.000000] BIOS-e820: [mem 0x0000000000100000-0x000000000ffeffff] usable
[    0.000000] BIOS-e820: [mem 0x000000000fff0000-0x000000000fffffff] ACPI data
[    0.000000] BIOS-e820: [mem 0x00000000fec00000-0x00000000fec00fff] reserved
[    0.000000] BIOS-e820: [mem 0x00000000fee00000-0x00000000fee00fff] reserved
[    0.000000] BIOS-e820: [mem 0x00000000fffc0000-0x00000000ffffffff] reserved
[    0.000000] NX (Execute Disable) protection: active
[    0.000000] SMBIOS 2.5 present.
[    0.000000] DMI: innotek GmbH VirtualBox/VirtualBox, BIOS VirtualBox 12/01/2006
[    0.000000] Hypervisor detected: KVM
[    0.000000] e820: last_pfn = 0xfff0 max_arch_pfn = 0x400000000
[    0.000000] MTRR: Disabled
[    0.000000] x86/PAT: MTRRs disabled, skipping PAT initialization too.
[    0.000000] CPU MTRRs all blank - virtualized system.
[    0.000000] x86/PAT: Configuration [0-7]: WB  WT  UC- UC  WB  WT  UC- UC  
[    0.000000] found SMP MP-table at [mem 0x0009fff0-0x0009ffff]
[    0.000000] Scanning 1 areas for low memory corruption
[    0.000000] RAMDISK: [mem 0x0db01000-0x0ee12fff]
[    0.000000] ACPI: Early table checksum verification disabled
[    0.000000] ACPI: RSDP 0x00000000000E0000 000024 (v02 VBOX  )
[    0.000000] ACPI: XSDT 0x000000000FFF0030 00003C (v01 VBOX   VBOXXSDT 00000001 ASL  00000061)
[    0.000000] ACPI: FACP 0x000000000FFF00F0 0000F4 (v04 VBOX   VBOXFACP 00000001 ASL  00000061)
[    0.000000] ACPI: DSDT 0x000000000FFF0610 002353 (v02 VBOX   VBOXBIOS 00000002 INTL 20100528)
[    0.000000] ACPI: FACS 0x000000000FFF0200 000040
[    0.000000] ACPI: FACS 0x000000000FFF0200 000040
[    0.000000] ACPI: APIC 0x000000000FFF0240 000054 (v02 VBOX   VBOXAPIC 00000001 ASL  00000061)
[    0.000000] ACPI: SSDT 0x000000000FFF02A0 00036C (v01 VBOX   VBOXCPUT 00000002 INTL 20100528)
[    0.000000] ACPI: Reserving FACP table memory at [mem 0xfff00f0-0xfff01e3]
[    0.000000] ACPI: Reserving DSDT table memory at [mem 0xfff0610-0xfff2962]
[    0.000000] ACPI: Reserving FACS table memory at [mem 0xfff0200-0xfff023f]
[    0.000000] ACPI: Reserving FACS table memory at [mem 0xfff0200-0xfff023f]
[    0.000000] ACPI: Reserving APIC table memory at [mem 0xfff0240-0xfff0293]
[    0.000000] ACPI: Reserving SSDT table memory at [mem 0xfff02a0-0xfff060b]
[    0.000000] No NUMA configuration found
[    0.000000] Faking a node at [mem 0x0000000000000000-0x000000000ffeffff]
[    0.000000] NODE_DATA(0) allocated [mem 0x0ffc5000-0x0ffeffff]
[    0.000000] kvm-clock: cpu 0, msr 0:ff44001, primary cpu clock
[    0.000000] kvm-clock: Using msrs 4b564d01 and 4b564d00
[    0.000000] kvm-clock: using sched offset of 6865660529 cycles
[    0.000000] clocksource: kvm-clock: mask: 0xffffffffffffffff max_cycles: 0x1cd42e4dffb, max_idle_ns: 881590591483 ns
[    0.000000] Zone ranges:
[    0.000000]   DMA      [mem 0x0000000000001000-0x0000000000ffffff]
[    0.000000]   DMA32    [mem 0x0000000001000000-0x000000000ffeffff]
[    0.000000]   Normal   empty
[    0.000000]   Device   empty
[    0.000000] Movable zone start for each node
[    0.000000] Early memory node ranges
[    0.000000]   node   0: [mem 0x0000000000001000-0x000000000009efff]
[    0.000000]   node   0: [mem 0x0000000000100000-0x000000000ffeffff]
[    0.000000] Reserved but unavailable: 104 pages
[    0.000000] Initmem setup node 0 [mem 0x0000000000001000-0x000000000ffeffff]
[    0.000000] ACPI: PM-Timer IO Port: 0x4008
[    0.000000] IOAPIC[0]: apic_id 1, version 32, address 0xfec00000, GSI 0-23
[    0.000000] ACPI: INT_SRC_OVR (bus 0 bus_irq 0 global_irq 2 dfl dfl)
[    0.000000] ACPI: INT_SRC_OVR (bus 0 bus_irq 9 global_irq 9 low level)
[    0.000000] Using ACPI (MADT) for SMP configuration information
[    0.000000] smpboot: Allowing 1 CPUs, 0 hotplug CPUs
[    0.000000] PM: Registered nosave memory: [mem 0x00000000-0x00000fff]
[    0.000000] PM: Registered nosave memory: [mem 0x0009f000-0x0009ffff]
[    0.000000] PM: Registered nosave memory: [mem 0x000a0000-0x000effff]
[    0.000000] PM: Registered nosave memory: [mem 0x000f0000-0x000fffff]
[    0.000000] e820: [mem 0x10000000-0xfebfffff] available for PCI devices
[    0.000000] Booting paravirtualized kernel on KVM
[    0.000000] clocksource: refined-jiffies: mask: 0xffffffff max_cycles: 0xffffffff, max_idle_ns: 7645519600211568 ns
[    0.000000] setup_percpu: NR_CPUS:8192 nr_cpumask_bits:1 nr_cpu_ids:1 nr_node_ids:1
[    0.000000] percpu: Embedded 50 pages/cpu s167936 r8192 d28672 u2097152
[    0.000000] PV qspinlock hash table entries: 256 (order: 0, 4096 bytes)
[    0.000000] Built 1 zonelists, mobility grouping on.  Total pages: 64377
[    0.000000] Policy zone: DMA32
[    0.000000] Kernel command line: BOOT_IMAGE=/boot/vmlinuz-4.15.0-212-generic root=LABEL=cloudimg-rootfs ro console=tty1 console=ttyS0
[    0.000000] Memory: 208700K/261688K available (12300K kernel code, 2477K rwdata, 4324K rodata, 2480K init, 2720K bss, 52988K reserved, 0K cma-reserved)
[    0.000000] SLUB: HWalign=64, Order=0-3, MinObjects=0, CPUs=1, Nodes=1
[    0.000000] ftrace: allocating 39508 entries in 155 pages
[    0.004000] Hierarchical RCU implementation.
[    0.004000] 	RCU restricting CPUs from NR_CPUS=8192 to nr_cpu_ids=1.
[    0.004000] 	Tasks RCU enabled.
[    0.004000] RCU: Adjusting geometry for rcu_fanout_leaf=16, nr_cpu_ids=1
[    0.004000] NR_IRQS: 524544, nr_irqs: 256, preallocated irqs: 16
[    0.004000] random: crng init done
[    0.004000] Console: colour VGA+ 80x25
[    0.004000] console [tty1] enabled
[    0.004000] console [ttyS0] enabled
[    0.004000] ACPI: Core revision 20170831
[    0.004000] ACPI: 2 ACPI AML tables successfully acquired and loaded
[    0.004000] APIC: Switch to symmetric I/O mode setup
[    0.012000] ..TIMER: vector=0x30 apic1=0 pin1=2 apic2=-1 pin2=-1
[    0.012019] tsc: Detected 1996.243 MHz processor
[    0.016038] Calibrating delay loop (skipped) preset value.. 3992.48 BogoMIPS (lpj=7984972)
[    0.020021] pid_max: default: 32768 minimum: 301
[    0.024100] Security Framework initialized
[    0.028023] Yama: becoming mindful.
[    0.032083] AppArmor: AppArmor initialized
[    0.036204] Dentry cache hash table entries: 32768 (order: 6, 262144 bytes)
[    0.040092] Inode-cache hash table entries: 16384 (order: 5, 131072 bytes)
[    0.044081] Mount-cache hash table entries: 512 (order: 0, 4096 bytes)
[    0.048039] Mountpoint-cache hash table entries: 512 (order: 0, 4096 bytes)
[    0.058924] BIOS may not properly restore RDRAND after suspend, but hypervisor does not support hiding RDRAND via CPUID.
[    0.060605] CPU0: Hyper-Threading is disabled
[    0.064755] Last level iTLB entries: 4KB 512, 2MB 8, 4MB 4
[    0.068019] Last level dTLB entries: 4KB 512, 2MB 256, 4MB 128, 1GB 0
[    0.072033] Spectre V1 : Mitigation: usercopy/swapgs barriers and __user pointer sanitization
[    0.076020] Spectre V2 : Mitigation: Retpolines
[    0.080018] Spectre V2 : Spectre v2 / SpectreRSB mitigation: Filling RSB on context switch
[    0.084018] Spectre V2 : Spectre v2 / SpectreRSB : Filling RSB on VMEXIT
[    0.088022] RETBleed: Vulnerable
[    0.120000] Freeing SMP alternatives memory: 36K
[    0.240066] APIC calibration not consistent with PM-Timer: 108ms instead of 100ms
[    0.244000] APIC delta adjusted to PM-Timer: 6645680 (7201427)
[    0.251833] smpboot: CPU0: AMD A6-7310 APU with AMD Radeon R4 Graphics (family: 0x16, model: 0x30, stepping: 0x1)
[    0.252921] Performance Events: PMU not available due to virtualization, using software events only.
[    0.256492] Hierarchical SRCU implementation.
[    0.261324] NMI watchdog: Perf event create on CPU 0 failed with -2
[    0.264019] NMI watchdog: Perf NMI watchdog permanently disabled
[    0.268267] smp: Bringing up secondary CPUs ...
[    0.272021] smp: Brought up 1 node, 1 CPU
[    0.276093] smpboot: Max logical packages: 1
[    0.280027] smpboot: Total of 1 processors activated (3992.48 BogoMIPS)
[    0.284520] devtmpfs: initialized
[    0.288174] x86/mm: Memory block size: 128MB
[    0.292366] evm: security.selinux
[    0.296032] evm: security.SMACK64
[    0.300022] evm: security.SMACK64EXEC
[    0.304007] evm: security.SMACK64TRANSMUTE
[    0.308020] evm: security.SMACK64MMAP
[    0.312020] evm: security.apparmor
[    0.316130] evm: security.ima
[    0.320021] evm: security.capability
[    0.324378] clocksource: jiffies: mask: 0xffffffff max_cycles: 0xffffffff, max_idle_ns: 7645041785100000 ns
[    0.328065] futex hash table entries: 256 (order: 2, 16384 bytes)
[    0.332160] pinctrl core: initialized pinctrl subsystem
[    0.337573] RTC time:  2:50:48, date: 08/07/24
[    0.341435] NET: Registered protocol family 16
[    0.344238] audit: initializing netlink subsys (disabled)
[    0.348467] cpuidle: using governor ladder
[    0.352043] audit: type=2000 audit(1722999053.747:1): state=initialized audit_enabled=0 res=1
[    0.356112] cpuidle: using governor menu
[    0.369346] ACPI: bus type PCI registered
[    0.372064] acpiphp: ACPI Hot Plug PCI Controller Driver version: 0.5
[    0.380513] PCI: Using configuration type 1 for base access
[    0.384018] PCI: Using configuration type 1 for extended access
[    0.391204] HugeTLB registered 2.00 MiB page size, pre-allocated 0 pages
[    0.396061] ACPI: Added _OSI(Module Device)
[    0.400050] ACPI: Added _OSI(Processor Device)
[    0.404022] ACPI: Added _OSI(3.0 _SCP Extensions)
[    0.408022] ACPI: Added _OSI(Processor Aggregator Device)
[    0.412168] ACPI: Added _OSI(Linux-Dell-Video)
[    0.416026] ACPI: Added _OSI(Linux-Lenovo-NV-HDMI-Audio)
[    0.420028] ACPI: Added _OSI(Linux-HPI-Hybrid-Graphics)
[    0.430072] ACPI: Executed 1 blocks of module-level executable AML code
[    0.449369] ACPI: Interpreter enabled
[    0.452044] ACPI: (supports S0 S5)
[    0.456023] ACPI: Using IOAPIC for interrupt routing
[    0.465050] PCI: Using host bridge windows from ACPI; if necessary, use "pci=nocrs" and report a bug
[    0.468982] ACPI: Enabled 2 GPEs in block 00 to 07
[    0.504251] ACPI: PCI Root Bridge [PCI0] (domain 0000 [bus 00-ff])
[    0.508050] acpi PNP0A03:00: _OSC: OS supports [ExtendedConfig ASPM ClockPM Segments MSI]
[    0.521389] acpi PNP0A03:00: _OSC: platform does not support [PCIeCapability]
[    0.529257] acpi PNP0A03:00: _OSC: not requesting control; platform does not support [PCIeCapability]
[    0.532027] acpi PNP0A03:00: _OSC: OS requested [PCIeHotplug PME AER PCIeCapability]
[    0.536026] acpi PNP0A03:00: _OSC: platform willing to grant [PCIeHotplug PME AER]
[    0.540025] acpi PNP0A03:00: _OSC failed (AE_SUPPORT); disabling ASPM
[    0.550237] PCI host bridge to bus 0000:00
[    0.552032] pci_bus 0000:00: root bus resource [io  0x0000-0x0cf7 window]
[    0.556082] pci_bus 0000:00: root bus resource [io  0x0d00-0xffff window]
[    0.560029] pci_bus 0000:00: root bus resource [mem 0x000a0000-0x000bffff window]
[    0.564029] pci_bus 0000:00: root bus resource [mem 0x10000000-0xfdffffff window]
[    0.568134] pci_bus 0000:00: root bus resource [bus 00-ff]
[    0.614261] pci 0000:00:01.1: legacy IDE quirk: reg 0x10: [io  0x01f0-0x01f7]
[    0.620058] pci 0000:00:01.1: legacy IDE quirk: reg 0x14: [io  0x03f6]
[    0.624032] pci 0000:00:01.1: legacy IDE quirk: reg 0x18: [io  0x0170-0x0177]
[    0.628029] pci 0000:00:01.1: legacy IDE quirk: reg 0x1c: [io  0x0376]
[    0.716195] pci 0000:00:07.0: quirk: [io  0x4000-0x403f] claimed by PIIX4 ACPI
[    0.720145] pci 0000:00:07.0: quirk: [io  0x4100-0x410f] claimed by PIIX4 SMB
[    0.761322] ACPI: PCI Interrupt Link [LNKA] (IRQs 5 9 10 *11)
[    0.770219] ACPI: PCI Interrupt Link [LNKB] (IRQs 5 9 *10 11)
[    0.776609] ACPI: PCI Interrupt Link [LNKC] (IRQs 5 *9 10 11)
[    0.784469] ACPI: PCI Interrupt Link [LNKD] (IRQs 5 9 10 *11)
[    0.789229] SCSI subsystem initialized
[    0.792406] pci 0000:00:02.0: vgaarb: setting as boot VGA device
[    0.796000] pci 0000:00:02.0: vgaarb: VGA device added: decodes=io+mem,owns=io+mem,locks=none
[    0.796029] pci 0000:00:02.0: vgaarb: bridge control possible
[    0.800020] vgaarb: loaded
[    0.804167] ACPI: bus type USB registered
[    0.812186] usbcore: registered new interface driver usbfs
[    0.816078] usbcore: registered new interface driver hub
[    0.820071] usbcore: registered new device driver usb
[    0.824241] EDAC MC: Ver: 3.0.0
[    0.832641] PCI: Using ACPI for IRQ routing
[    0.840525] NetLabel: Initializing
[    0.844023] NetLabel:  domain hash size = 128
[    0.848018] NetLabel:  protocols = UNLABELED CIPSOv4 CALIPSO
[    0.852083] NetLabel:  unlabeled traffic allowed by default
[    0.857170] clocksource: Switched to clocksource kvm-clock
[    0.984129] VFS: Disk quotas dquot_6.6.0
[    1.000264] VFS: Dquot-cache hash table entries: 512 (order 0, 4096 bytes)
[    1.025416] AppArmor: AppArmor Filesystem Enabled
[    1.038535] pnp: PnP ACPI init
[    1.058304] pnp: PnP ACPI: found 3 devices
[    1.085300] clocksource: acpi_pm: mask: 0xffffff max_cycles: 0xffffff, max_idle_ns: 2085701024 ns
[    1.116600] NET: Registered protocol family 2
[    1.131843] IP idents hash table entries: 4096 (order: 3, 32768 bytes)
[    1.152318] TCP established hash table entries: 2048 (order: 2, 16384 bytes)
[    1.171143] TCP bind hash table entries: 2048 (order: 3, 32768 bytes)
[    1.192034] TCP: Hash tables configured (established 2048 bind 2048)
[    1.211621] UDP hash table entries: 256 (order: 1, 8192 bytes)
[    1.228375] UDP-Lite hash table entries: 256 (order: 1, 8192 bytes)
[    1.248795] NET: Registered protocol family 1
[    1.264987] pci 0000:00:00.0: Limiting direct PCI/PCI transfers
[    1.285027] pci 0000:00:01.0: Activating ISA DMA hang workarounds
[    1.303761] pci 0000:00:02.0: Video device with shadowed ROM at [mem 0x000c0000-0x000dffff]
[    1.329294] Unpacking initramfs...
[    3.222643] Freeing initrd memory: 19528K
[    3.236487] clocksource: tsc: mask: 0xffffffffffffffff max_cycles: 0x398ca287e71, max_idle_ns: 881590735537 ns
[    3.264528] platform rtc_cmos: registered platform RTC device (no PNP device found)
[    3.286278] Scanning for low memory corruption every 60 seconds
[    3.309119] Initialise system trusted keyrings
[    3.325175] Key type blacklist registered
[    3.336503] workingset: timestamp_bits=36 max_order=16 bucket_order=0
[    3.363743] zbud: loaded
[    3.375401] squashfs: version 4.0 (2009/01/31) Phillip Lougher
[    3.394678] fuse init (API version 7.26)
[    3.417141] Key type asymmetric registered
[    3.431305] Asymmetric key parser 'x509' registered
[    3.447656] Block layer SCSI generic (bsg) driver version 0.4 loaded (major 246)
[    3.468453] io scheduler noop registered
[    3.480343] io scheduler deadline registered
[    3.493494] io scheduler cfq registered (default)
[    3.507884] ACPI: AC Adapter [AC] (on-line)
[    3.523299] input: Power Button as /devices/LNXSYSTM:00/LNXPWRBN:00/input/input0
[    3.545381] ACPI: Power Button [PWRF]
[    3.557108] input: Sleep Button as /devices/LNXSYSTM:00/LNXSLPBN:00/input/input1
[    3.578850] ACPI: Sleep Button [SLPF]
[    3.596073] ACPI: Battery Slot [BAT0] (battery present)
[    3.623789] Serial: 8250/16550 driver, 32 ports, IRQ sharing enabled
[    3.710736] 00:02: ttyS0 at I/O 0x3f8 (irq = 4, base_baud = 115200) is a 16550A
[    3.736657] Linux agpgart interface v0.103
[    3.770532] loop: module loaded
[    3.787216] scsi host0: ata_piix
[    3.797427] scsi host1: ata_piix
[    3.807660] ata1: PATA max UDMA/33 cmd 0x1f0 ctl 0x3f6 bmdma 0xd000 irq 14
[    3.827857] ata2: PATA max UDMA/33 cmd 0x170 ctl 0x376 bmdma 0xd008 irq 15
[    3.853831] tun: Universal TUN/TAP device driver, 1.6
[    3.868816] PPP generic driver version 2.4.2
[    3.889384] ehci_hcd: USB 2.0 'Enhanced' Host Controller (EHCI) Driver
[    3.912157] ehci-pci: EHCI PCI platform driver
[    3.925806] ehci-platform: EHCI generic platform driver
[    3.946844] ohci_hcd: USB 1.1 'Open' Host Controller (OHCI) Driver
[    3.967453] ohci-pci: OHCI PCI platform driver
[    3.981715] ohci-platform: OHCI generic platform driver
[    3.997132] uhci_hcd: USB Universal Host Controller Interface driver
[    4.190747] i8042: PNP: PS/2 Controller [PNP0303:PS2K,PNP0f03:PS2M] at 0x60,0x64 irq 1,12
[    4.233397] serio: i8042 KBD port at 0x60,0x64 irq 1
[    4.253444] serio: i8042 AUX port at 0x60,0x64 irq 12
[    4.269626] mousedev: PS/2 mouse device common for all mice
[    4.291358] input: AT Translated Set 2 keyboard as /devices/platform/i8042/serio0/input/input2
[    4.319468] rtc_cmos rtc_cmos: rtc core: registered rtc_cmos as rtc0
[    4.339008] rtc_cmos rtc_cmos: alarms up to one day, 114 bytes nvram
[    4.359405] i2c /dev entries driver
[    4.369711] device-mapper: uevent: version 1.0.3
[    4.384855] device-mapper: ioctl: 4.37.0-ioctl (2017-09-20) initialised: dm-devel@redhat.com
[    4.409857] ledtrig-cpu: registered to indicate activity on CPUs
[    4.428784] x86/pm: family 0x16 cpu detected, MSR saving is needed during suspending.
[    4.452317] NET: Registered protocol family 10
[    4.483986] Segment Routing with IPv6
[    4.495023] NET: Registered protocol family 17
[    4.507705] Key type dns_resolver registered
[    4.520947] mce: Using 0 MCE banks
[    4.531378] RAS: Correctable Errors collector initialized.
[    4.550217] sched_clock: Marking stable (4549948021, 0)->(8282152481, -3732204460)
[    4.579461] registered taskstats version 1
[    4.593204] Loading compiled-in X.509 certificates
[    4.623592] Loaded X.509 cert 'Build time autogenerated kernel key: b5b26778eaa3ab3a4a6cee031137706e947d12ad'
[    4.653038] Loaded X.509 cert 'Canonical Ltd. Live Patch Signing: 14df34d1a87cf37625abec039ef2bf521249b969'
[    4.681807] Loaded X.509 cert 'Canonical Ltd. Kernel Module Signing: 88f752e560a1e0737e31163a466ad7b70a850c19'
[    4.709455] blacklist: Loading compiled-in revocation X.509 certificates
[    4.728092] Loaded X.509 cert 'Canonical Ltd. Secure Boot Signing: 61482aa2830d0ab2ad5af10b7250da9033ddcef0'
[    4.756574] Loaded X.509 cert 'Canonical Ltd. Secure Boot Signing (2017): 242ade75ac4a15e50d50c84b0d45ff3eae707a03'
[    4.784593] Loaded X.509 cert 'Canonical Ltd. Secure Boot Signing (ESM 2018): 365188c1d374d6b07c3c8f240f8ef722433d6a8b'
[    4.814647] Loaded X.509 cert 'Canonical Ltd. Secure Boot Signing (2019): c0746fd6c5da3ae827864651ad66ae47fe24b3e8'
[    4.842072] Loaded X.509 cert 'Canonical Ltd. Secure Boot Signing (2021 v1): a8d54bbb3825cfb94fa13c9f8a594a195c107b8d'
[    4.875017] Loaded X.509 cert 'Canonical Ltd. Secure Boot Signing (2021 v2): 4cf046892d6fd3c9a5b03f98d845f90851dc6a8c'
[    4.910446] Loaded X.509 cert 'Canonical Ltd. Secure Boot Signing (2021 v3): 100437bb6de6e469b581e61cd66bce3ef4ed53af'
[    4.942442] Loaded X.509 cert 'Canonical Ltd. Secure Boot Signing (Ubuntu Core 2019): c1d57b8f6b743f23ee41f4f7ee292f06eecadfb9'
[    4.974554] zswap: loaded using pool lzo/zbud
[    4.999963] Key type big_key registered
[    5.013125] Key type trusted registered
[    5.032380] Key type encrypted registered
[    5.045439] AppArmor: AppArmor sha1 policy hashing enabled
[    5.060775] ima: No TPM chip found, activating TPM-bypass! (rc=-19)
[    5.079931] ima: Allocated hash algorithm: sha1
[    5.093485] evm: HMAC attrs: 0x1
[    5.106287]   Magic number: 4:534:813
[    5.129127] rtc_cmos rtc_cmos: setting system clock to 2024-08-07 02:50:53 UTC (1722999053)
[    5.158286] BIOS EDD facility v0.16 2004-Jun-25, 0 devices found
[    5.173875] EDD information not available.
[    5.196169] Freeing unused kernel image memory: 2480K
[    5.216909] Write protecting the kernel read-only data: 20480k
[    5.234503] Freeing unused kernel image memory: 2008K
[    5.250616] Freeing unused kernel image memory: 1820K
[    5.289085] x86/mm: Checked W+X mappings: passed, no W+X pages found.
Loading, please wait...
starting version 237
[    5.823368] e1000: Intel(R) PRO/1000 Network Driver - version 7.3.21-k8-NAPI
[    5.843319] e1000: Copyright (c) 1999-2006 Intel Corporation.
[    5.872563] Fusion MPT base driver 3.04.20
[    5.885116] Copyright (c) 1999-2008 LSI Corporation
[    6.096082] SSE version of gcm_enc/dec engaged.
[    6.168972] Fusion MPT SPI Host driver 3.04.20
[    6.424999] input: ImExPS/2 Generic Explorer Mouse as /devices/platform/i8042/serio1/input/input4
[    8.182985] e1000 0000:00:03.0 eth0: (PCI:33MHz:32-bit) 02:3b:7b:b7:3b:2d
[    8.204502] e1000 0000:00:03.0 eth0: Intel(R) PRO/1000 Network Connection
[    8.233443] mptbase: ioc0: Initiating bringup
[    8.380024] ioc0: LSI53C1030 A0: Capabilities={Initiator}
[    8.695102] scsi host2: ioc0: LSI53C1030 A0, FwRev=00000000h, Ports=1, MaxQ=256, IRQ=20
[    8.893950] scsi 2:0:0:0: Direct-Access     VBOX     HARDDISK         1.0  PQ: 0 ANSI: 5
[    8.940774] scsi target2:0:0: Beginning Domain Validation
[    9.005967] scsi target2:0:0: Domain Validation skipping write tests
[    9.025220] scsi target2:0:0: Ending Domain Validation
[    9.067548] scsi target2:0:0: asynchronous
[    9.156149] scsi 2:0:1:0: Direct-Access     VBOX     HARDDISK         1.0  PQ: 0 ANSI: 5
[    9.211853] scsi target2:0:1: Beginning Domain Validation
[    9.377622] scsi target2:0:1: Domain Validation skipping write tests
[    9.397436] scsi target2:0:1: Ending Domain Validation
[    9.441023] scsi target2:0:1: asynchronous
[    9.678444] sd 2:0:0:0: [sda] 83886080 512-byte logical blocks: (42.9 GB/40.0 GiB)
[    9.702814] sd 2:0:0:0: Attached scsi generic sg0 type 0
[    9.741854] sd 2:0:1:0: Attached scsi generic sg1 type 0
[    9.762178] sd 2:0:0:0: [sda] Write Protect is off
[    9.778877] sd 2:0:1:0: [sdb] 20480 512-byte logical blocks: (10.5 MB/10.0 MiB)
[    9.828309] sd 2:0:0:0: [sda] Incomplete mode parameter data
[    9.846523] sd 2:0:0:0: [sda] Assuming drive cache: write through
[    9.864824] sd 2:0:1:0: [sdb] Write Protect is off
[    9.934915] sd 2:0:1:0: [sdb] Incomplete mode parameter data
[    9.963937] sd 2:0:1:0: [sdb] Assuming drive cache: write through
[   10.027651]  sda: sda1
[   10.068036] sd 2:0:0:0: [sda] Attached SCSI disk
[   10.204190] sd 2:0:1:0: [sdb] Attached SCSI disk
[   11.735109] e1000 0000:00:08.0 eth1: (PCI:33MHz:32-bit) 08:00:27:8f:d7:4d
[   11.761764] e1000 0000:00:08.0 eth1: Intel(R) PRO/1000 Network Connection
[   11.792580] e1000 0000:00:08.0 enp0s8: renamed from eth1
[   11.845418] e1000 0000:00:03.0 enp0s3: renamed from eth0
Begin: Loading essential drivers ... [   16.113084] raid6: sse2x1   gen()   759 MB/s
[   16.189086] raid6: sse2x1   xor()  1565 MB/s
[   16.252176] raid6: sse2x2   gen()   822 MB/s
[   16.312779] raid6: sse2x2   xor()  2255 MB/s
[   16.376312] raid6: sse2x4   gen()  1363 MB/s
[   16.449262] raid6: sse2x4   xor()  2847 MB/s
[   16.460486] raid6: using algorithm sse2x4 gen() 1363 MB/s
[   16.475227] raid6: .... xor() 2847 MB/s, rmw enabled
[   16.490652] raid6: using ssse3x2 recovery algorithm
[   16.518047] xor: measuring software checksum speed
[   16.636302]    prefetch64-sse: 14381.000 MB/sec
[   16.752333]    generic_sse: 14901.000 MB/sec
[   16.763757] xor: using function: generic_sse (14901.000 MB/sec)
[   16.784725] async_tx: api initialized (async)
done.
Begin: Running /scripts/init-premount ... done.
Begin: Mounting root file system ... Begin: Running /scripts/local-top ... done.
Begin: Running /scripts/local-premount ... [   17.037727] Btrfs loaded, crc32c=crc32c-intel
Scanning for Btrfs filesystems
done.
Warning: fsck not present, so skipping root file system
[   17.259401] EXT4-fs (sda1): mounted filesystem with ordered data mode. Opts: (null)
done.
Begin: Running /scripts/local-bottom ... done.
Begin: Running /scripts/init-bottom ... done.
[   18.061679] ip_tables: (C) 2000-2006 Netfilter Core Team
[   18.149635] systemd[1]: systemd 237 running in system mode. (+PAM +AUDIT +SELINUX +IMA +APPARMOR +SMACK +SYSVINIT +UTMP +LIBCRYPTSETUP +GCRYPT +GNUTLS +ACL +XZ +LZ4 +SECCOMP +BLKID +ELFUTILS +KMOD -IDN2 +IDN -PCRE2 default-hierarchy=hybrid)
[   18.210227] systemd[1]: Detected virtualization oracle.
[   18.225518] systemd[1]: Detected architecture x86-64.

Welcome to [1mUbuntu 18.04.6 LTS[0m!

[   18.260363] systemd[1]: Set hostname to <ubuntu>.
[   18.296823] systemd[1]: Initializing machine ID from random generator.
[   18.315700] systemd[1]: Installed transient /etc/machine-id file.
[   19.523985] systemd[1]: Reached target Mounting snaps.
[[0;32m  OK  [0m] Reached target Mounting snaps.
[   19.553381] systemd[1]: Reached target Swap.
[[0;32m  OK  [0m] Reached target Swap.
[   19.583630] systemd[1]: Created slice User and Session Slice.
[[0;32m  OK  [0m] Created slice User and Session Slice.
[   19.615742] systemd[1]: Set up automount Arbitrary Executable File Formats File System Automount Point.
[[0;32m  OK  [0m] Set up automount Arbitrary Executabâ€¦rmats File System Automount Point.
[[0;32m  OK  [0m] Created slice System Slice.
[[0;32m  OK  [0m] Listening on Journal Socket (/dev/log).
[[0;32m  OK  [0m] Listening on Journal Socket.
         Starting Uncomplicated firewall...
[[0;32m  OK  [0m] Listening on /dev/initctl Compatibility Named Pipe.
         Mounting Huge Pages File System...
[[0;32m  OK  [0m] Listening on LVM2 poll daemon socket.
[[0;32m  OK  [0m] Created slice system-serial\x2dgetty.slice.
[[0;32m  OK  [0m] Listening on Device-mapper event daemon FIFOs.
[[0;32m  OK  [0m] Listening on udev Control Socket.
[[0;32m  OK  [0m] Listening on Syslog Socket.
[[0;32m  OK  [0m] Listening on Network Service Netlink Socket.
         Starting Load Kernel Modules...
[[0;32m  OK  [0m] Listening on Journal Audit Socket.
[   19.939868] Loading iSCSI transport class v2.0-870.
         Starting Journal Service...
         Mounting POSIX Message Queue File System...
         Mounting Kernel Debug File System...
[[0;32m  OK  [0m] Listening on fsck to fsckd communication Socket.
[   20.097637] iscsi: registered transport (tcp)
         Starting File System Check on Root Device...
[[0;32m  OK  [0m] Reached target System Time Synchronized.
[[0;32m  OK  [0m] Reached target Slices.
         Starting Create list of required stâ€¦ce nodes for the current kernel...
[[0;32m  OK  [0m] Listening on LVM2 metadata daemon socket.
         Starting Monitoring of LVM2 mirrorsâ€¦ng dmeventd or progress polling...
         Starting Set the console keyboard layout...
[[0;32m  OK  [0m] Reached target User and Group Name Lookups.
[[0;32m  OK  [0m] Reached target Mounted snaps.
[[0;32m  OK  [0m] Started Forward Password Requests to Wall Directory Watch.
[[0;32m  OK  [0m] Listening on udev Kernel Socket.
         Starting udev Coldplug all Devices...
[[0;32m  OK  [0m] Started Uncomplicated firewall.
[[0;32m  OK  [0m] Mounted Huge Pages File System.
[[0;32m  OK  [0m] Mounted POSIX Message Queue File System.
[[0;32m  OK  [0m] Mounted Kernel Debug File System.
[[0;32m  OK  [0m] Started Create list of required staâ€¦vice nodes for the current kernel.
[[0;32m  OK  [0m] Started LVM2 metadata daemon.[   20.808356] iscsi: registered transport (iser)

[[0;32m  OK  [0m] Started File System Check Daemon to report status.
         Starting Create Static Device Nodes in /dev...
[[0;32m  OK  [0m] Started File System Check on Root Device.
[[0;32m  OK  [0m] Started Journal Service.
         Starting Remount Root and Kernel File Systems...
[[0;32m  OK  [0m] Started Load Kernel Modules.
         Mounting Kernel Configuration File System...
         Starting Apply Kernel Variables...
         Mounting FUSE Control File System...
[[0;32m  OK  [0m] Mounted FUSE Control File System.
[[0;32m  OK  [0m] Mounted Kernel Configuration File System.
[   21.320451] EXT4-fs (sda1): re-mounted. Opts: (null)
[[0;32m  OK  [0m] Started Create Static Device Nodes in /dev.
[[0;32m  OK  [0m] Started Monitoring of LVM2 mirrors,â€¦sing dmeventd or progress polling.
[[0;32m  OK  [0m] Started Remount Root and Kernel File Systems.
         Starting Load/Save Random Seed...
         Starting udev Kernel Device Manager...
         Starting Flush Journal to Persistent Storage...
[[0;32m  OK  [0m] Started Apply Kernel Variables.
[[0;32m  OK  [0m] Started Load/Save Random Seed.
[[0;32m  OK  [0m] Started Flush Journal to Persistent Storage.
[[0;32m  OK  [0m] Started udev Coldplug all Devices.
[[0;32m  OK  [0m] Started udev Kernel Device Manager.
[[0;32m  OK  [0m] Found device /dev/ttyS0.
[[0;32m  OK  [0m] Listening on Load/Save RF Kill Switch Status /dev/rfkill Watch.
         Mounting Arbitrary Executable File Formats File System...
[[0;32m  OK  [0m] Started Set the console keyboard layout.
[[0;32m  OK  [0m] Mounted Arbitrary Executable File Formats File System.
[[0;32m  OK  [0m] Started Dispatch Password Requests to Console Directory Watch.
[[0;32m  OK  [0m] Reached target Local Encrypted Volumes.
[[0;32m  OK  [0m] Reached target Local File Systems (Pre).
[[0;32m  OK  [0m] Reached target Local File Systems.
         Starting ebtables ruleset management...
         Starting Create Volatile Files and Directories...
         Starting AppArmor initialization...
         Starting Commit a transient machine-id on disk...
         Starting Set console font and keymap...
         Starting Tell Plymouth To Write Out Runtime Data...
[[0;32m  OK  [0m] Started Tell Plymouth To Write Out Runtime Data.
[[0;32m  OK  [0m] Started Commit a transient machine-id on disk.
[[0;32m  OK  [0m] Started Create Volatile Files and Directories.
         Starting Update UTMP about System Boot/Shutdown...
[[0;32m  OK  [0m] Started Update UTMP about System Boot/Shutdown.
[[0;32m  OK  [0m] Started ebtables ruleset management.
[[0;32m  OK  [0m] Started AppArmor initialization.
         Starting Load AppArmor profiles managed internally by snapd...
         Starting Initial cloud-init job (pre-networking)...
[[0;32m  OK  [0m] Started Load AppArmor profiles managed internally by snapd.
[[0;32m  OK  [0m] Started Set console font and keymap.
[   45.892189] cloud-init[780]: Cloud-init v. 23.1.2-0ubuntu0~18.04.1 running 'init-local' at Wed, 07 Aug 2024 02:51:32 +0000. Up 44.26 seconds.
[[0;32m  OK  [0m] Started Initial cloud-init job (pre-networking).
[[0;32m  OK  [0m] Reached target Network (Pre).
         Starting Network Service...
[[0;32m  OK  [0m] Started Network Service.
         Starting Network Name Resolution...
         Starting Wait for Network to be Configured...
[[0;32m  OK  [0m] Started Network Name Resolution.
[[0;32m  OK  [0m] Reached target Host and Network Name Lookups.
[[0;32m  OK  [0m] Reached target Network.
[[0;32m  OK  [0m] Started Wait for Network to be Configured.
         Starting Initial cloud-init job (metadata service crawler)...
[   51.669097] cloud-init[908]: Cloud-init v. 23.1.2-0ubuntu0~18.04.1 running 'init' at Wed, 07 Aug 2024 02:51:39 +0000. Up 50.77 seconds.
[   51.729359] cloud-init[908]: ci-info: ++++++++++++++++++++++++++++++++++++++Net device info+++++++++++++++++++++++++++++++++++++++
[   51.772744] cloud-init[908]: ci-info: +--------+-------+----------------------------+---------------+--------+-------------------+
[   51.814064] cloud-init[908]: ci-info: | Device |   Up  |          Address           |      Mask     | Scope  |     Hw-Address    |
[   51.869415] cloud-init[908]: ci-info: +--------+-------+----------------------------+---------------+--------+-------------------+
[   51.930405] cloud-init[908]: ci-info: | enp0s3 |  True |         10.0.2.15          | 255.255.255.0 | global | 02:3b:7b:b7:3b:2d |
[   51.965909] cloud-init[908]: ci-info: | enp0s3 |  True | fe80::3b:7bff:feb7:3b2d/64 |       .       |  link  | 02:3b:7b:b7:3b:2d |
[   52.008525] cloud-init[908]: ci-info: | enp0s8 | False |             .              |       .       |   .    | 08:00:27:8f:d7:4d |
[   52.061396] cloud-init[908]: ci-info: |   lo   |  True |         127.0.0.1          |   255.0.0.0   |  host  |         .         |
[   52.094890] cloud-init[908]: ci-info: |   lo   |  True |          ::1/128           |       .       |  host  |         .         |
[   52.150967] cloud-init[908]: ci-info: +--------+-------+----------------------------+---------------+--------+-------------------+
[   52.214510] cloud-init[908]: ci-info: ++++++++++++++++++++++++++++Route IPv4 info+++++++++++++++++++++++++++++
[   52.258793] cloud-init[908]: ci-info: +-------+-------------+----------+-----------------+-----------+-------+
[   52.307502] cloud-init[908]: ci-info: | Route | Destination | Gateway  |     Genmask     | Interface | Flags |
[   52.353161] cloud-init[908]: ci-info: +-------+-------------+----------+-----------------+-----------+-------+
[   52.393847] cloud-init[908]: ci-info: |   0   |   0.0.0.0   | 10.0.2.2 |     0.0.0.0     |   enp0s3  |   UG  |
[   52.430213] cloud-init[908]: ci-info: |   1   |   10.0.2.0  | 0.0.0.0  |  255.255.255.0  |   enp0s3  |   U   |
[   52.461628] cloud-init[908]: ci-info: |   2   |   10.0.2.2  | 0.0.0.0  | 255.255.255.255 |   enp0s3  |   UH  |
[   52.492138] cloud-init[908]: ci-info: +-------+-------------+----------+-----------------+-----------+-------+
[   52.528361] cloud-init[908]: ci-info: +++++++++++++++++++Route IPv6 info+++++++++++++++++++
[   52.570369] cloud-init[908]: ci-info: +-------+-------------+---------+-----------+-------+
[   52.638495] cloud-init[908]: ci-info: | Route | Destination | Gateway | Interface | Flags |
[   52.701539] cloud-init[908]: ci-info: +-------+-------------+---------+-----------+-------+
[   52.760230] cloud-init[908]: ci-info: |   1   |  fe80::/64  |    ::   |   enp0s3  |   U   |
[   52.811576] cloud-init[908]: ci-info: |   3   |    local    |    ::   |   enp0s3  |   U   |
[   52.870971] cloud-init[908]: ci-info: |   4   |   ff00::/8  |    ::   |   enp0s3  |   U   |
[   52.929263] cloud-init[908]: ci-info: +-------+-------------+---------+-----------+-------+
[   57.005534] cloud-init[908]: Generating public/private rsa key pair.
[   57.069089] cloud-init[908]: Your identification has been saved in /etc/ssh/ssh_host_rsa_key.
[   57.115320] cloud-init[908]: Your public key has been saved in /etc/ssh/ssh_host_rsa_key.pub.
[   57.187523] cloud-init[908]: The key fingerprint is:
[   57.233724] cloud-init[908]: SHA256:V2KUUfP6HpJMQXYQk9nTnR+Emg9wAoKPuKIgz+kvXC4 root@ubuntu-bionic
[   57.282982] cloud-init[908]: The key's randomart image is:
[   57.321842] cloud-init[908]: +---[RSA 2048]----+
[   57.368243] cloud-init[908]: |    .. .. o+O*+oo|
[   57.432871] cloud-init[908]: |   .  .  +.+o*ooo|
[   57.465831] cloud-init[908]: |  . o     * = ..o|
[   57.515710] cloud-init[908]: | . . .   . * o  .|
[   57.556874] cloud-init[908]: |  .     S . =    |
[   57.588926] cloud-init[908]: |+.  .    . o +   |
[   57.637456] cloud-init[908]: [|=+ +        + o  |[0;32m  OK  [0m
] Started Initial cloud-init job (metadata service crawler).[   57.697951] 
[[0;32m  OK  [0mcloud-init] Reached target System Initialization.[908]: |. E .        o . |
[[0;32m  OK  [0m] 
[   57.771977] Started Daily apt download activities.
cloud-init         [908]: Starting LXD - unix socket.
[[0;32m  OK  [0m| ..+.         .  |
] Listening on ACPID Listen Socket.[   57.883780] 
cloud-init[[0;32m  OK  [0m[908]: ] Started Ubuntu Advantage Timer for running repeated jobs.+----[SHA256]-----+
[
[0;32m  OK  [0m[   57.963177] ] Started Message of the Day.cloud-init[908]: Generating public/private dsa key pair.

[   58.013335]          cloud-initStarting Socket activation for snappy daemon.
[908]: [[0;32m  OK  [0m] Your identification has been saved in /etc/ssh/ssh_host_dsa_key.Started Daily apt upgrade and clean activities.
[[0;32m  OK  [0m] 
Started Discard unused blocks once a week.[   58.149623] 
cloud-init[[908]: Your public key has been saved in /etc/ssh/ssh_host_dsa_key.pub.[0;32m  OK  [0m] Listening on cloud-init hotplug hook socket.
[   58.200264] 
cloud-init[908]: The key fingerprint is:[[0;32m  OK  [0m] Started ACPI Events Check.
[   58.245381] 
cloud-init[908]: SHA256:3B01BrKlDKA5xhtJcUZMCCquvFvrYGT55J3Rj9vOnnQ root@ubuntu-bionic[[0;32m  OK  [0m] Reached target Paths.
[
[   58.295149] [0;32m  OK  [0mcloud-init] [908]: The key's randomart image is:Listening on Open-iSCSI iscsid Socket.
[   58.335529] 
cloud-init[[908]: +---[DSA 1024]----+[0;32m  OK  [0m] Started Daily Cleanup of Temporary Directories.

[[0;32m  OK  [0m[   58.395062] ] Listening on UUID daemon activation socket.cloud-init[908]: |  ..o**.. . o.+  |
[
[0;32m  OK  [0m[   58.434958] ] Listening on D-Bus System Message Bus Socket.cloud-init[908]: | . o.*.  o = o . |
[[0;32m  OK  [0m
] [   58.480738] Reached target Timers.cloud-init[908]: |o   O     + .    |
[[0;32m  OK  [0m
] Reached target Cloud-config availability.[   58.525266] cloud-init[908]: |o .. +.. . . .   |

[   58.547127] [[0;32m  OK  [0m] Reached target Network is Online.cloud-init[908]: 
| = ... .S . .    |
[   58.598901]          cloud-initStarting Availability of block devices...
[908]: [[0;32m  OK  [0m] Reached target Remote File Systems (Pre).|= + . o o        |

[[   58.687329] [0;32m  OK  [0m] Reached target Remote File Systems.cloud-init
[[908]: [0;32m  OK  [0m|.+ + o . o E     |] Listening on LXD - unix socket.

[   58.767923] [[0;32m  OK  [0mcloud-init] Listening on Socket activation for snappy daemon.[908]: |. + .   = o      |
[[0;32m  OK  [0m] 
Started Availability of block devices.
[   58.888977] [[0;32m  OK  [0mcloud-init] Reached target Sockets.[908]: 
| ooo   .o*       |[[0;32m  OK  [0m] Reached target Basic System.

[   58.982344] [cloud-init[0;32m  OK  [0m[908]: ] Started FUSE filesystem for LXC.+----[SHA256]-----+
         Starting System Logging Service...

         Starting Dispatcher daemon for systemd-networkd...[   59.142901] 
         Starting Permit User Sessions...
         Starting Accounts Service...cloud-init
         Starting Pollinate to seed the pseudo random number generator...[908]: 
         Starting LXD - container startup/shutdown...Generating public/private ecdsa key pair.
[[0;32m  OK  [0m] Started Regular background program processing daemon.
         Starting Login Service...
[
[   59.539717] [0;32m  OK  [0m] Started D-Bus System Message Bus.
cloud-init[908]: Your identification has been saved in /etc/ssh/ssh_host_ecdsa_key.
[   59.896285] cloud-init[908]: Your public key has been saved in /etc/ssh/ssh_host_ecdsa_key.pub.
[   60.085112] cloud-init[908]: The key fingerprint is:
[   60.241264] cloud-init[908]: SHA256:oQAErSr+riAOCXRX/Mf0vKWigPnqseEma38W5piziz0 root@ubuntu-bionic
[   60.461070] [[0;32m  OK  [0m] Started Login Service.
[[0;32m  OK  [0m] Started Unattended Upgrades Shutdown.cloud-init
         [908]: The key's randomart image is:Starting Snap Daemon...
         Starting LSB: automatic crash report generation...
[[0;32m  OK  [0m] Started Deferred execution scheduler.

         Starting Virtualbox guest utils...
         Starting LSB: Record successful boot for GRUB...
[[0;32m  OK  [0m[   61.066791] ] Started irqbalance daemon.
[[0;32m  OK  [0m] Reached target Login Prompts (Pre).
[[0;32m  OK  [0m] Started System Logging Service.
[[0;32m  OK  [0mcloud-init] Started Permit User Sessions.
[908]:          +---[ECDSA 256]---+Starting Authorization Manager...
         Starting Hold until boot process finishes up...
         Starting Terminate Plymouth Boot Screen...

[[0;32m  OK  [0m] Started Terminate Plymouth Boot Screen.
[[0;32m  OK  [0m] Started Hold until boot process finishes up.[   61.623311] 
         Starting Set console scheme...
[[0;32m  OK  [0mcloud-init] Started Serial Getty on ttyS0.
[908]: |.+o   ..         |
[   61.999641] [[0;32m  OK  [0m] Started Set console scheme.
cloud-init[[0;32m  OK  [0m] Created slice system-getty.slice.
[[0;32m  OK  [0m[908]: ] Started Getty on tty1.
[[0;32m  OK  [0m] Reached target Login Prompts.
|  ..  ..   .     |
[   62.437472] cloud-init[908]: | o ...  o o o    |
[[0;32m  OK  [0m] Started Authorization Manager.
[[0;32m  OK  [0m] Started Accounts Service.
[   62.800561] [[0;32m  OK  [0m] Started LSB: automatic crash report generation.
cloud-init[908]: |o . .. . o o o . |
[   63.049254] cloud-init[[0;32m  OK  [0m] Started LSB: Record successful boot for GRUB.[908]: 
|o     + S .   +  |
[   63.330467] cloud-init[908]: |+.   o +   . o   |
[   63.534275] cloud-init[908]: |B    o* o . .    |
[   63.865163] cloud-init[908]: |=. o+E+= .       |
[   64.051383] cloud-init[[0;32m  OK  [0m] Started LXD - container startup/shutdown.
[908]: | o==*XO          |
[   64.295719] cloud-init[908]: +----[SHA256]-----+
[   64.550939] cloud-init[908]: Generating public/private ed25519 key pair.
[   64.800072] cloud-init[908]: Your identification has been saved in /etc/ssh/ssh_host_ed25519_key.
[   65.002203] [[0;32m  OK  [0m] cloud-initStarted Virtualbox guest utils.
[908]: Your public key has been saved in /etc/ssh/ssh_host_ed25519_key.pub.
[   65.274087] cloud-init[908]: The key fingerprint is:
[   65.460324] cloud-init[908]: SHA256:r24d+oUeRNtyhps/kcheO3F/6Y6XyoihlISXHoQ4pqU root@ubuntu-bionic
[   65.627957] cloud-init[908]: The key's randomart image is:
[   65.786136] cloud-init[908]: +--[ED25519 256]--+
[   65.943708] cloud-init[908]: |                 |
[   66.247808] cloud-init[908]: |    . .          |
[   66.459933] cloud-init[908]: |   = . .  .      |
[   66.634431] cloud-init[908]: |  = . o .. +     |
[   66.879052] cloud-init[908]: | E   . =S.=.+.   |
[   67.113134] cloud-init[908]: |      + oo+B= .  |
[   67.275426] cloud-init[908]: |       + =*o.= .o|
[   67.421268] cloud-init[908]: |      . +o=+* .+o|
[   67.640419] cloud-init[908]: |       +ooo..*=o.|
[   67.790355] cloud-init[908]: +----[SHA256]-----+

Ubuntu 18.04.6 LTS ubuntu-bionic ttyS0

ubuntu-bionic login: [  110.261944] cloud-init[1502]: Cloud-init v. 23.1.2-0ubuntu0~18.04.1 running 'modules:config' at Wed, 07 Aug 2024 02:52:32 +0000. Up 103.89 seconds.
ci-info: no authorized SSH keys fingerprints found for user ubuntu.
<14>Aug  7 02:52:52 cloud-init: #############################################################
<14>Aug  7 02:52:52 cloud-init: -----BEGIN SSH HOST KEY FINGERPRINTS-----
<14>Aug  7 02:52:52 cloud-init: 1024 SHA256:3B01BrKlDKA5xhtJcUZMCCquvFvrYGT55J3Rj9vOnnQ root@ubuntu-bionic (DSA)
<14>Aug  7 02:52:52 cloud-init: 256 SHA256:oQAErSr+riAOCXRX/Mf0vKWigPnqseEma38W5piziz0 root@ubuntu-bionic (ECDSA)
<14>Aug  7 02:52:52 cloud-init: 256 SHA256:r24d+oUeRNtyhps/kcheO3F/6Y6XyoihlISXHoQ4pqU root@ubuntu-bionic (ED25519)
<14>Aug  7 02:52:52 cloud-init: 2048 SHA256:V2KUUfP6HpJMQXYQk9nTnR+Emg9wAoKPuKIgz+kvXC4 root@ubuntu-bionic (RSA)
<14>Aug  7 02:52:52 cloud-init: -----END SSH HOST KEY FINGERPRINTS-----
<14>Aug  7 02:52:52 cloud-init: #############################################################
-----BEGIN SSH HOST KEY KEYS-----
ecdsa-sha2-nistp256 AAAAE2VjZHNhLXNoYTItbmlzdHAyNTYAAAAIbmlzdHAyNTYAAABBBMa34pfXhdvVTxULA6uYDAIDIdZPmRlaJ/nDGDL+QzWuokVg0DZ4CMKnYzxX4G8p5AVAobkpbTO5jV5fRFDfeek= root@ubuntu-bionic
ssh-ed25519 AAAAC3NzaC1lZDI1NTE5AAAAIEdiKlk+y8XktweiE7lToEAAe39P/D2Ajl48sqqAFMvP root@ubuntu-bionic
ssh-rsa AAAAB3NzaC1yc2EAAAADAQABAAABAQDFs8I28XkaOQlKKdw1PoUlsz3doXR2AhGJ2b9Tw4LVLrarsEkg0RMnhD4v3kcQNpSJJ8DdBiaTcVGeUz8NMPaRpwTN1dqXb/Br3C4QdQdLqmTjK0aSAYAgYMvCZuxUlj5oYaaG5ZIuUAaMQ9s/YaOzejzPmDYDsS45XmMZ3z3m3vhhjhMtbHU2f1s81c2w2qNKqwn4g1ui0LOVj5ugQ6VO8qavfJsoxdb/zXHL+PGWm2Zsdc9FXQlPdOMMIEH7JRj3J/vWvDhM0aA3P1Cqsa2s4I9kYZHkaulymzT4g/AQu2kaK1UfzWfImNBK1qQVT1bzDTieE28L6myyzL9tfR2f root@ubuntu-bionic
-----END SSH HOST KEY KEYS-----
[  124.814288] cloud-init[1711]: Cloud-init v. 23.1.2-0ubuntu0~18.04.1 running 'modules:final' at Wed, 07 Aug 2024 02:52:50 +0000. Up 122.10 seconds.
[  124.983347] cloud-init[1711]: Cloud-init v. 23.1.2-0ubuntu0~18.04.1 finished at Wed, 07 Aug 2024 02:52:53 +0000. Datasource DataSourceNoCloud [seed=/dev/sdb][dsmode=net].  Up 124.75 seconds
